// Jest Snapshot v1, https://goo.gl/fbAQLP

exports[`<HomePage /> Snapshot 1`] = `
<div>
  <h2>
    HomePage
  </h2>
</div>
`;
