// Jest Snapshot v1, https://goo.gl/fbAQLP

exports[`<ProjectCard /> snapshot 1`] = `
<div
  className="card"
>
  <img
    alt="Mission Impossible"
    src=""
  />
  <section
    className="section dark"
  >
    <h5
      className="strong"
    >
      <strong>
        Mission Impossible
      </strong>
    </h5>
    <p>
      This is really difficult
    </p>
    <p>
      Budget:
      100
    </p>
    <button
      aria-label="edit Mission Impossible"
      className="bordered"
      onClick={[Function]}
    >
      <span
        className="icon-edit"
      />
       Edit
    </button>
  </section>
</div>
`;
